// Jest Snapshot v1, https://goo.gl/fbAQLP

exports[`First React component test with Enzyme renders without crashing 1`] = `
<WithStyles(ForwardRef(AppBar))
  className="makeStyles-appBar-1"
  color="default"
  elevation={0}
  position="static"
>
  <WithStyles(ForwardRef(Toolbar))
    className="makeStyles-toolbar-2"
  >
    <WithStyles(ForwardRef(Typography))
      className="makeStyles-toolbarTitle-3"
      color="inherit"
      noWrap={true}
      variant="h6"
    >
      Burning Suns
    </WithStyles(ForwardRef(Typography))>
    <nav>
      <WithStyles(ForwardRef(Link))
        className="makeStyles-link-4"
        color="textPrimary"
        href="/SearchPage"
        variant="button"
      >
        Search Cities
      </WithStyles(ForwardRef(Link))>
      <WithStyles(ForwardRef(Link))
        className="makeStyles-link-4"
        color="textPrimary"
        href="/StarredListpage"
        variant="button"
      >
        Starred Cities
      </WithStyles(ForwardRef(Link))>
      <WithStyles(ForwardRef(Link))
        className="makeStyles-link-4"
        color="textPrimary"
        href="/Notes"
        variant="button"
      >
        Notes
      </WithStyles(ForwardRef(Link))>
      <WithStyles(ForwardRef(Link))
        className="makeStyles-link-4"
        color="textPrimary"
        href="/aboutUs"
        variant="button"
      >
        About Us
      </WithStyles(ForwardRef(Link))>
      <WithStyles(ForwardRef(Button))
        className="makeStyles-link-4"
        color="primary"
        href="/SignInPage"
        onClick={[Function]}
        variant="outlined"
      >
        Logout
      </WithStyles(ForwardRef(Button))>
    </nav>
  </WithStyles(ForwardRef(Toolbar))>
</WithStyles(ForwardRef(AppBar))>
`;
